// Jest Snapshot v1, https://goo.gl/fbAQLP

exports[`renders correctly 1`] = `
<div>
  <header
    className="MuiPaper-root MuiPaper-elevation4 MuiAppBar-root MuiAppBar-positionStatic MuiAppBar-colorPrimary"
  >
    <div
      className="MuiToolbar-root MuiToolbar-regular MuiToolbar-gutters"
    >
      <img
        alt="logo"
        className="mr-1"
        src="/assets/vault-dark.svg"
      />
      <h6
        className="MuiTypography-root MuiTypography-h6 MuiTypography-colorInherit MuiTypography-noWrap"
      >
        Vault PAM UI
      </h6>
    </div>
  </header>
  <div
    className="MuiGrid-root mt-1 MuiGrid-container MuiGrid-justify-xs-center"
  >
    <div
      className="MuiPaper-root MuiPaper-elevation1 MuiPaper-rounded MuiCard-root Auth-card-1"
    />
  </div>
</div>
`;
